// Jest Snapshot v1, https://goo.gl/fbAQLP

exports[`render default 1`] = `
<View>
  <RCTScrollView
    data={
      Array [
        Object {
          "foods": Array [
            Object {
              "id": 1,
              "name": "Chicken",
              "price": 20000,
            },
            Object {
              "id": 2,
              "name": "Burger",
              "price": 30000,
            },
          ],
          "id": 1,
          "logo": "https://seeklogo.com/images/M/mc-donald-s-logo-8568BCE03C-seeklogo.com.png",
          "name": "Mc Donalds",
          "rating": "4.8",
        },
        Object {
          "foods": Array [
            Object {
              "id": 1,
              "name": "Chicken",
              "price": 20000,
            },
            Object {
              "id": 2,
              "name": "Burger",
              "price": 30000,
            },
          ],
          "id": 2,
          "logo": "https://seeklogo.com/images/K/kfc-new-logo-72E6348046-seeklogo.com.png",
          "name": "KFC",
          "rating": "4.8",
        },
      ]
    }
    getItem={[Function]}
    getItemCount={[Function]}
    keyExtractor={[Function]}
    onContentSizeChange={[Function]}
    onLayout={[Function]}
    onMomentumScrollBegin={[Function]}
    onMomentumScrollEnd={[Function]}
    onScroll={[Function]}
    onScrollBeginDrag={[Function]}
    onScrollEndDrag={[Function]}
    removeClippedSubviews={false}
    renderItem={[Function]}
    scrollEventThrottle={50}
    stickyHeaderIndices={Array []}
    viewabilityConfigCallbackPairs={Array []}
  >
    <View>
      <View
        onLayout={[Function]}
        style={null}
      >
        <View
          accessible={true}
          collapsable={false}
          focusable={true}
          onClick={[Function]}
          onResponderGrant={[Function]}
          onResponderMove={[Function]}
          onResponderRelease={[Function]}
          onResponderTerminate={[Function]}
          onResponderTerminationRequest={[Function]}
          onStartShouldSetResponder={[Function]}
          style={
            Object {
              "opacity": 1,
            }
          }
          testID="home-screen-navigate-1"
        >
          <View>
            <View
              style={
                Object {
                  "alignItems": "center",
                  "backgroundColor": "#ffffff",
                  "borderBottomWidth": 0.5,
                  "borderColor": "#bcbbc1",
                  "flexDirection": "row",
                  "padding": 14,
                }
              }
              testID="RNE__LISTITEM__padView"
            >
              <View
                style={
                  Object {
                    "backgroundColor": "transparent",
                    "height": 34,
                    "width": 34,
                  }
                }
              >
                <View
                  accessibilityIgnoresInvertColors={true}
                  style={
                    Object {
                      "backgroundColor": "transparent",
                      "flex": 1,
                      "overflow": "hidden",
                      "position": "relative",
                    }
                  }
                >
                  <Image
                    onLoad={[Function]}
                    source={
                      Object {
                        "uri": "https://seeklogo.com/images/M/mc-donald-s-logo-8568BCE03C-seeklogo.com.png",
                      }
                    }
                    style={
                      Object {
                        "bottom": 0,
                        "flex": 1,
                        "height": undefined,
                        "left": 0,
                        "position": "absolute",
                        "right": 0,
                        "top": 0,
                        "width": undefined,
                      }
                    }
                    testID="RNE__Avatar__Image"
                    transitionDuration={360}
                  />
                  <View
                    accessibilityElementsHidden={true}
                    collapsable={false}
                    importantForAccessibility="no-hide-descendants"
                    pointerEvents="none"
                    style={
                      Object {
                        "bottom": 0,
                        "left": 0,
                        "opacity": 1,
                        "position": "absolute",
                        "right": 0,
                        "top": 0,
                      }
                    }
                  >
                    <View
                      style={
                        Object {
                          "alignItems": "center",
                          "backgroundColor": "#bdbdbd",
                          "flex": 1,
                          "height": undefined,
                          "justifyContent": "center",
                          "width": undefined,
                        }
                      }
                      testID="RNE__Image__placeholder"
                    >
                      <Text
                        style={
                          Object {
                            "backgroundColor": "transparent",
                            "color": "#ffffff",
                            "fontSize": 17,
                            "textAlign": "center",
                          }
                        }
                      >
                        M
                      </Text>
                    </View>
                  </View>
                  <View
                    style={
                      Object {
                        "flex": 1,
                        "height": undefined,
                        "width": undefined,
                      }
                    }
                    testID="RNE__Image__children__container"
                  />
                </View>
              </View>
              <View
                style={
                  Object {
                    "paddingLeft": 16,
                  }
                }
              />
              <View
                style={
                  Array [
                    Object {
                      "alignItems": "flex-start",
                      "flex": 1,
                      "justifyContent": "center",
                    },
                    undefined,
                  ]
                }
              >
                <Text
                  accessibilityRole="text"
                  style={
                    Object {
                      "backgroundColor": "transparent",
                      "color": "#242424",
                      "fontSize": 17,
                    }
                  }
                  testID="listItemTitle"
                >
                  Mc Donalds
                </Text>
              </View>
              <View
                style={
                  Object {
                    "paddingLeft": 16,
                  }
                }
              />
              <View
                style={
                  Object {
                    "alignSelf": "center",
                    "overflow": "hidden",
                  }
                }
                testID="RNE__ICON__CONTAINER"
              >
                <View
                  accessibilityRole="button"
                  android_ripple={
                    Object {
                      "borderless": false,
                      "color": "rgba(0, 0, 0, 0.3)",
                      "radius": -5,
                    }
                  }
                  disabled={false}
                  testID="RNE__ICON__CONTAINER_ACTION"
                >
                  <View
                    style={
                      Object {
                        "alignItems": "center",
                        "backgroundColor": "transparent",
                        "justifyContent": "center",
                      }
                    }
                    testID="RNE__ICON"
                  >
                    <Text
                      allowFontScaling={false}
                      selectable={false}
                      style={
                        Array [
                          Object {
                            "color": "#D1D1D6",
                            "fontSize": 16,
                          },
                          Object {
                            "backgroundColor": "transparent",
                          },
                          Object {
                            "fontFamily": "ionicons",
                            "fontStyle": "normal",
                            "fontWeight": "normal",
                          },
                          Object {},
                        ]
                      }
                      testID="RNE__ICON__Component"
                    >
                      ïˆ˜
                    </Text>
                  </View>
                </View>
              </View>
            </View>
          </View>
        </View>
      </View>
      <View
        onLayout={[Function]}
        style={null}
      >
        <View
          accessible={true}
          collapsable={false}
          focusable={true}
          onClick={[Function]}
          onResponderGrant={[Function]}
          onResponderMove={[Function]}
          onResponderRelease={[Function]}
          onResponderTerminate={[Function]}
          onResponderTerminationRequest={[Function]}
          onStartShouldSetResponder={[Function]}
          style={
            Object {
              "opacity": 1,
            }
          }
          testID="home-screen-navigate-2"
        >
          <View>
            <View
              style={
                Object {
                  "alignItems": "center",
                  "backgroundColor": "#ffffff",
                  "borderBottomWidth": 0.5,
                  "borderColor": "#bcbbc1",
                  "flexDirection": "row",
                  "padding": 14,
                }
              }
              testID="RNE__LISTITEM__padView"
            >
              <View
                style={
                  Object {
                    "backgroundColor": "transparent",
                    "height": 34,
                    "width": 34,
                  }
                }
              >
                <View
                  accessibilityIgnoresInvertColors={true}
                  style={
                    Object {
                      "backgroundColor": "transparent",
                      "flex": 1,
                      "overflow": "hidden",
                      "position": "relative",
                    }
                  }
                >
                  <Image
                    onLoad={[Function]}
                    source={
                      Object {
                        "uri": "https://seeklogo.com/images/K/kfc-new-logo-72E6348046-seeklogo.com.png",
                      }
                    }
                    style={
                      Object {
                        "bottom": 0,
                        "flex": 1,
                        "height": undefined,
                        "left": 0,
                        "position": "absolute",
                        "right": 0,
                        "top": 0,
                        "width": undefined,
                      }
                    }
                    testID="RNE__Avatar__Image"
                    transitionDuration={360}
                  />
                  <View
                    accessibilityElementsHidden={true}
                    collapsable={false}
                    importantForAccessibility="no-hide-descendants"
                    pointerEvents="none"
                    style={
                      Object {
                        "bottom": 0,
                        "left": 0,
                        "opacity": 1,
                        "position": "absolute",
                        "right": 0,
                        "top": 0,
                      }
                    }
                  >
                    <View
                      style={
                        Object {
                          "alignItems": "center",
                          "backgroundColor": "#bdbdbd",
                          "flex": 1,
                          "height": undefined,
                          "justifyContent": "center",
                          "width": undefined,
                        }
                      }
                      testID="RNE__Image__placeholder"
                    >
                      <Text
                        style={
                          Object {
                            "backgroundColor": "transparent",
                            "color": "#ffffff",
                            "fontSize": 17,
                            "textAlign": "center",
                          }
                        }
                      >
                        K
                      </Text>
                    </View>
                  </View>
                  <View
                    style={
                      Object {
                        "flex": 1,
                        "height": undefined,
                        "width": undefined,
                      }
                    }
                    testID="RNE__Image__children__container"
                  />
                </View>
              </View>
              <View
                style={
                  Object {
                    "paddingLeft": 16,
                  }
                }
              />
              <View
                style={
                  Array [
                    Object {
                      "alignItems": "flex-start",
                      "flex": 1,
                      "justifyContent": "center",
                    },
                    undefined,
                  ]
                }
              >
                <Text
                  accessibilityRole="text"
                  style={
                    Object {
                      "backgroundColor": "transparent",
                      "color": "#242424",
                      "fontSize": 17,
                    }
                  }
                  testID="listItemTitle"
                >
                  KFC
                </Text>
              </View>
              <View
                style={
                  Object {
                    "paddingLeft": 16,
                  }
                }
              />
              <View
                style={
                  Object {
                    "alignSelf": "center",
                    "overflow": "hidden",
                  }
                }
                testID="RNE__ICON__CONTAINER"
              >
                <View
                  accessibilityRole="button"
                  android_ripple={
                    Object {
                      "borderless": false,
                      "color": "rgba(0, 0, 0, 0.3)",
                      "radius": -5,
                    }
                  }
                  disabled={false}
                  testID="RNE__ICON__CONTAINER_ACTION"
                >
                  <View
                    style={
                      Object {
                        "alignItems": "center",
                        "backgroundColor": "transparent",
                        "justifyContent": "center",
                      }
                    }
                    testID="RNE__ICON"
                  >
                    <Text
                      allowFontScaling={false}
                      selectable={false}
                      style={
                        Array [
                          Object {
                            "color": "#D1D1D6",
                            "fontSize": 16,
                          },
                          Object {
                            "backgroundColor": "transparent",
                          },
                          Object {
                            "fontFamily": "ionicons",
                            "fontStyle": "normal",
                            "fontWeight": "normal",
                          },
                          Object {},
                        ]
                      }
                      testID="RNE__ICON__Component"
                    >
                      ïˆ˜
                    </Text>
                  </View>
                </View>
              </View>
            </View>
          </View>
        </View>
      </View>
      <View
        style={
          Object {
            "height": 0,
          }
        }
      />
    </View>
  </RCTScrollView>
</View>
`;
